======================================================================
THESIS EXPERIMENTS
Outputs: /Users/filip/Documents/gloria/UBB/facultate/Anul II/semester2/coffee-website/thesis_model/experiments/outputs
======================================================================

[1/12] Loading and splitting data
----------------------------------------------------------------------
Loaded 62,518 records
CVD deaths: 4,241 (6.78%)
Final dataset: 62,518 samples x 24 features

Stratified 3-way split:
  Train:       37,510 ( 60.0%) - 2,545 CVD deaths (6.78%)
  Validation:  12,504 ( 20.0%) -   848 CVD deaths (6.78%)
  Test:        12,504 ( 20.0%) -   848 CVD deaths (6.78%)

[2/12] Standardising features (train statistics applied to val/test)
----------------------------------------------------------------------

[3/12] Grid search for hyperparameters on the validation set
======================================================================

  Grid search for LogisticRegression (3 combinations)
    * {'C': 0.1}  ->  val ROC-AUC = 0.7752
    * {'C': 1.0}  ->  val ROC-AUC = 0.7753
      {'C': 10.0}  ->  val ROC-AUC = 0.7753
  Best for LogisticRegression: val ROC-AUC = 0.7753, params = {'C': 1.0}

  Grid search for RandomForestClassifier (18 combinations)
    * {'n_estimators': 200, 'max_depth': 10, 'min_samples_leaf': 1}  ->  val ROC-AUC = 0.7738
    * {'n_estimators': 200, 'max_depth': 10, 'min_samples_leaf': 2}  ->  val ROC-AUC = 0.7749
    * {'n_estimators': 200, 'max_depth': 10, 'min_samples_leaf': 4}  ->  val ROC-AUC = 0.7757
      {'n_estimators': 200, 'max_depth': 14, 'min_samples_leaf': 1}  ->  val ROC-AUC = 0.7655
      {'n_estimators': 200, 'max_depth': 14, 'min_samples_leaf': 2}  ->  val ROC-AUC = 0.7679
      {'n_estimators': 200, 'max_depth': 14, 'min_samples_leaf': 4}  ->  val ROC-AUC = 0.7731
      {'n_estimators': 200, 'max_depth': 20, 'min_samples_leaf': 1}  ->  val ROC-AUC = 0.7576
      {'n_estimators': 200, 'max_depth': 20, 'min_samples_leaf': 2}  ->  val ROC-AUC = 0.7643
      {'n_estimators': 200, 'max_depth': 20, 'min_samples_leaf': 4}  ->  val ROC-AUC = 0.7719
      {'n_estimators': 400, 'max_depth': 10, 'min_samples_leaf': 1}  ->  val ROC-AUC = 0.7741
      {'n_estimators': 400, 'max_depth': 10, 'min_samples_leaf': 2}  ->  val ROC-AUC = 0.7748
    * {'n_estimators': 400, 'max_depth': 10, 'min_samples_leaf': 4}  ->  val ROC-AUC = 0.7765
      {'n_estimators': 400, 'max_depth': 14, 'min_samples_leaf': 1}  ->  val ROC-AUC = 0.7669
      {'n_estimators': 400, 'max_depth': 14, 'min_samples_leaf': 2}  ->  val ROC-AUC = 0.7680
      {'n_estimators': 400, 'max_depth': 14, 'min_samples_leaf': 4}  ->  val ROC-AUC = 0.7742
      {'n_estimators': 400, 'max_depth': 20, 'min_samples_leaf': 1}  ->  val ROC-AUC = 0.7603
      {'n_estimators': 400, 'max_depth': 20, 'min_samples_leaf': 2}  ->  val ROC-AUC = 0.7663
      {'n_estimators': 400, 'max_depth': 20, 'min_samples_leaf': 4}  ->  val ROC-AUC = 0.7739
  Best for RandomForestClassifier: val ROC-AUC = 0.7765, params = {'n_estimators': 400, 'max_depth': 10, 'min_samples_leaf': 4}

  Grid search for GradientBoostingClassifier (18 combinations)
    * {'n_estimators': 200, 'learning_rate': 0.03, 'max_depth': 3}  ->  val ROC-AUC = 0.7855
    * {'n_estimators': 200, 'learning_rate': 0.03, 'max_depth': 4}  ->  val ROC-AUC = 0.7870
      {'n_estimators': 200, 'learning_rate': 0.03, 'max_depth': 5}  ->  val ROC-AUC = 0.7867
    * {'n_estimators': 200, 'learning_rate': 0.05, 'max_depth': 3}  ->  val ROC-AUC = 0.7889
      {'n_estimators': 200, 'learning_rate': 0.05, 'max_depth': 4}  ->  val ROC-AUC = 0.7869
      {'n_estimators': 200, 'learning_rate': 0.05, 'max_depth': 5}  ->  val ROC-AUC = 0.7868
      {'n_estimators': 200, 'learning_rate': 0.1, 'max_depth': 3}  ->  val ROC-AUC = 0.7879
      {'n_estimators': 200, 'learning_rate': 0.1, 'max_depth': 4}  ->  val ROC-AUC = 0.7858
      {'n_estimators': 200, 'learning_rate': 0.1, 'max_depth': 5}  ->  val ROC-AUC = 0.7810
      {'n_estimators': 350, 'learning_rate': 0.03, 'max_depth': 3}  ->  val ROC-AUC = 0.7885
      {'n_estimators': 350, 'learning_rate': 0.03, 'max_depth': 4}  ->  val ROC-AUC = 0.7880
      {'n_estimators': 350, 'learning_rate': 0.03, 'max_depth': 5}  ->  val ROC-AUC = 0.7867
    * {'n_estimators': 350, 'learning_rate': 0.05, 'max_depth': 3}  ->  val ROC-AUC = 0.7893
      {'n_estimators': 350, 'learning_rate': 0.05, 'max_depth': 4}  ->  val ROC-AUC = 0.7857
      {'n_estimators': 350, 'learning_rate': 0.05, 'max_depth': 5}  ->  val ROC-AUC = 0.7850
      {'n_estimators': 350, 'learning_rate': 0.1, 'max_depth': 3}  ->  val ROC-AUC = 0.7871
      {'n_estimators': 350, 'learning_rate': 0.1, 'max_depth': 4}  ->  val ROC-AUC = 0.7813
      {'n_estimators': 350, 'learning_rate': 0.1, 'max_depth': 5}  ->  val ROC-AUC = 0.7776
  Best for GradientBoostingClassifier: val ROC-AUC = 0.7893, params = {'n_estimators': 350, 'learning_rate': 0.05, 'max_depth': 3}

  -> saved hyperparameter_tuning.csv  (39 rows)

[4/12] Training final models with best hyperparameters
======================================================================
Training models on the train split...
  Training Logistic Regression...
    [val] ROC-AUC = 0.775, F1 = 0.250, Recall = 0.708
  Training Random Forest...
    [val] ROC-AUC = 0.776, F1 = 0.276, Recall = 0.519
  Training Gradient Boosting...
    [val] ROC-AUC = 0.789, F1 = 0.040, Recall = 0.021
  Training Ensemble (RF + GB, soft voting)...
    [val] ROC-AUC = 0.784, F1 = 0.152, Recall = 0.105

[5/14] Confusion matrices on the TEST set (tau = 0.5)
======================================================================
  Logistic Regression    TN=8,195  FP=3,461  FN=  227  TP=  621
  Random Forest          TN=9,703  FP=1,953  FN=  388  TP=  460
  Gradient Boosting      TN=11,605  FP=   51  FN=  828  TP=   20
  Ensemble (RF + GB)     TN=11,419  FP=  237  FN=  730  TP=  118

[6/14] Model comparison table on the TEST set (tau = 0.5)
======================================================================
              model  accuracy  precision  recall    f1  roc_auc   mcc
Logistic Regression     0.705      0.152   0.732 0.252    0.786 0.233
      Random Forest     0.813      0.191   0.542 0.282    0.790 0.239
  Gradient Boosting     0.930      0.282   0.024 0.044    0.801 0.064
 Ensemble (RF + GB)     0.923      0.332   0.139 0.196    0.797 0.180

[7/14] Per-model threshold sweep on the VALIDATION set
======================================================================
  Selecting tau per model by maximising F1 (MCC as tie-breaker).


  --- Logistic Regression ---
Selecting classification threshold on validation set...

  tau    Recall   Prec     F1       MCC      TP     FP    
  --------------------------------------------------------
  0.05   1.000    0.068    0.128    0.025    848    11548 
  0.10   0.991    0.073    0.135    0.067    840    10719 
  0.15   0.975    0.083    0.154    0.121    827    9096  
  0.20   0.945    0.094    0.171    0.151    801    7744  
  0.25   0.901    0.102    0.184    0.167    764    6714  
  0.30   0.858    0.111    0.196    0.179    728    5853  
  0.40   0.791    0.130    0.224    0.208    671    4472  
  0.50   0.708    0.152    0.250    0.227    600    3355  

  Optimal threshold (max F1): tau = 0.50
  Recall = 70.8%, Precision = 15.2%, F1 = 0.250


  --- Random Forest ---
Selecting classification threshold on validation set...

  tau    Recall   Prec     F1       MCC      TP     FP    
  --------------------------------------------------------
  0.05   1.000    0.068    0.128    0.025    848    11552 
  0.10   0.971    0.083    0.153    0.118    823    9096  
  0.15   0.926    0.099    0.178    0.162    785    7183  
  0.20   0.896    0.110    0.196    0.187    760    6139  
  0.25   0.866    0.121    0.212    0.205    734    5333  
  0.30   0.803    0.132    0.227    0.214    681    4478  
  0.40   0.663    0.160    0.258    0.229    562    2953  
  0.50   0.519    0.188    0.276    0.229    440    1905  

  Optimal threshold (max F1): tau = 0.50
  Recall = 51.9%, Precision = 18.8%, F1 = 0.276


  --- Gradient Boosting ---
Selecting classification threshold on validation set...

  tau    Recall   Prec     F1       MCC      TP     FP    
  --------------------------------------------------------
  0.05   0.777    0.142    0.241    0.227    659    3968  
  0.10   0.580    0.189    0.285    0.247    492    2114  
  0.15   0.430    0.230    0.300    0.246    365    1219  
  0.20   0.295    0.261    0.277    0.221    250    709   
  0.25   0.188    0.277    0.224    0.182    159    415   
  0.30   0.116    0.276    0.163    0.142    98     257   
  0.40   0.047    0.286    0.081    0.092    40     100   
  0.50   0.021    0.340    0.040    0.071    18     35    

  Optimal threshold (max F1): tau = 0.15
  Recall = 43.0%, Precision = 23.0%, F1 = 0.300


  --- Ensemble (RF + GB) ---
Selecting classification threshold on validation set...

  tau    Recall   Prec     F1       MCC      TP     FP    
  --------------------------------------------------------
  0.05   0.983    0.079    0.146    0.104    834    9710  
  0.10   0.909    0.106    0.190    0.179    771    6516  
  0.15   0.853    0.123    0.215    0.207    723    5151  
  0.20   0.746    0.144    0.242    0.224    633    3752  
  0.25   0.649    0.167    0.265    0.235    550    2749  
  0.30   0.555    0.191    0.284    0.243    471    1998  
  0.40   0.309    0.243    0.272    0.214    262    817   
  0.50   0.105    0.273    0.152    0.134    89     237   

  Optimal threshold (max F1): tau = 0.30
  Recall = 55.5%, Precision = 19.1%, F1 = 0.284


  Optimal thresholds (chosen on validation):
    Logistic Regression    tau* = 0.50
    Random Forest          tau* = 0.50
    Gradient Boosting      tau* = 0.15
    Ensemble (RF + GB)     tau* = 0.30

[8/14] Fair comparison on the TEST set (each model at its own tau*)
======================================================================
              model  tau_opt  accuracy  precision  recall    f1  roc_auc   mcc
Logistic Regression    0.500     0.705      0.152   0.732 0.252    0.786 0.233
      Random Forest    0.500     0.813      0.191   0.542 0.282    0.790 0.239
  Gradient Boosting    0.150     0.857      0.228   0.463 0.306    0.801 0.255
 Ensemble (RF + GB)    0.300     0.807      0.193   0.579 0.289    0.797 0.252

  Ranking on primary metrics (higher = better):
    ROC_AUC    -> Gradient Boosting      (roc_auc = 0.801, tau = 0.15)
    F1         -> Gradient Boosting      (f1 = 0.306, tau = 0.15)
    MCC        -> Gradient Boosting      (mcc = 0.255, tau = 0.15)
    RECALL     -> Logistic Regression    (recall = 0.732, tau = 0.50)

[9/14] Confusion matrices on TEST at each model's optimal tau
======================================================================
  Logistic Regression    tau*=0.50  TN=8,195  FP=3,461  FN=  227  TP=  621
  Random Forest          tau*=0.50  TN=9,703  FP=1,953  FN=  388  TP=  460
  Gradient Boosting      tau*=0.15  TN=10,327  FP=1,329  FN=  455  TP=  393
  Ensemble (RF + GB)     tau*=0.30  TN=9,602  FP=2,054  FN=  357  TP=  491

[10/14] Best model by validation ROC-AUC: Gradient Boosting
======================================================================

[11/14] Fitting Platt calibration on the validation set
======================================================================
  Platt parameters: {'A': 0.8660961584630114, 'B': -0.25796295426859805}

[12/14] Final test-set evaluation
======================================================================
============================================================
FINAL TEST-SET EVALUATION - Gradient Boosting @ tau = 0.15
============================================================
  Accuracy:  0.857
  Precision: 0.228
  Recall:    0.463
  F1-Score:  0.306
  ROC-AUC:   0.801
  MCC:       0.255

  Confusion Matrix [test set]:
    TN = 10,327   FP = 1,329
    FN =   455   TP =   393


[13/14] Post-processing impact study on the test set
======================================================================

  13a. Legacy formula (hand-tuned constants 0.01 / 0.02)

Condition                              ROC-AUC       F1   Recall     Prec      MCC     TP     FP     FN     TN
--------------------------------------------------------------------------------------------------------------
A. Raw model                             0.801    0.305    0.449    0.230    0.253    381   1272    467  10384
B. + clinical scoring                    0.788    0.248    0.722    0.150    0.227    612   3470    236   8186
C. + clinical + caffeine scoring         0.786    0.243    0.732    0.146    0.223    621   3635    227   8021
  delta 'A. Raw model'                           -> 'B. + clinical scoring'                 : F1 -0.056, Recall +0.272, MCC -0.025
  delta 'A. Raw model'                           -> 'C. + clinical + caffeine scoring'      : F1 -0.061, Recall +0.283, MCC -0.029
  delta 'B. + clinical scoring'                  -> 'C. + clinical + caffeine scoring'      : F1 -0.005, Recall +0.011, MCC -0.004

  13b. Learned coefficients (replaces magic numbers)

Condition                                  tau*  ROC-AUC       F1   Recall     Prec      MCC     TP     FP     FN     TN
------------------------------------------------------------------------------------------------------------------------
A. Raw model                               0.15    0.801    0.306    0.463    0.228    0.255    393   1329    455  10327
B. Platt only                              0.15    0.801    0.304    0.450    0.230    0.252    382   1280    466  10376
  LearnedPostProcessor (use_clinical=False, use_caffeine=False)
  name                     beta    std err       z    p-value
  ------------------------------------------------------------
  intercept             -0.2471     0.0794   -3.11     0.0019
  logit(p_raw)           0.8703     0.0315   27.66   < 0.001
C. + clinical scoring                      0.15    0.799    0.304    0.456    0.228    0.252    387   1311    461  10345
  LearnedPostProcessor (use_clinical=True, use_caffeine=False)
  name                     beta    std err       z    p-value
  ------------------------------------------------------------
  intercept             -0.6252     0.1495   -4.18   < 0.001
  logit(p_raw)           0.8091     0.0373   21.67   < 0.001
  clinical_score         0.0302     0.0103    2.94     0.0033
D. + clinical + caffeine scoring           0.15    0.799    0.305    0.460    0.228    0.253    390   1323    458  10333
  LearnedPostProcessor (use_clinical=True, use_caffeine=True)
  name                     beta    std err       z    p-value
  ------------------------------------------------------------
  intercept             -0.6077     0.1496   -4.06   < 0.001
  logit(p_raw)           0.8099     0.0373   21.69   < 0.001
  clinical_score         0.0301     0.0103    2.93     0.0034
  caffeine_score        -0.0411     0.0313   -1.31     0.1893

Pairwise deltas vs. raw baseline:
  B. Platt only                            F1 -0.001, Recall -0.013, Prec +0.002, MCC -0.003, ROC-AUC +0.000
  C. + clinical scoring                    F1 -0.002, Recall -0.007, Prec -0.000, MCC -0.003, ROC-AUC -0.001
  D. + clinical + caffeine scoring         F1 -0.001, Recall -0.004, Prec -0.001, MCC -0.002, ROC-AUC -0.002

[14/14] Generating Chapter-3 figure
======================================================================
  -> /Users/filip/Documents/gloria/UBB/facultate/Anul II/semester2/coffee-website/thesis_model/experiments/outputs/caffeine_dose_response_curve.png

======================================================================
EXPERIMENTS COMPLETE
======================================================================
Outputs in: /Users/filip/Documents/gloria/UBB/facultate/Anul II/semester2/coffee-website/thesis_model/experiments/outputs
  caffeine_dose_response_curve.png                 96,998 bytes
  cm_ensemble_rf_and_gb.png                        44,192 bytes
  cm_ensemble_rf_and_gb_optimal_tau.png            45,185 bytes
  cm_gradient_boosting.png                         44,838 bytes
  cm_gradient_boosting_optimal_tau.png             45,573 bytes
  cm_logistic_regression.png                       49,394 bytes
  cm_logistic_regression_optimal_tau.png           49,576 bytes
  cm_random_forest.png                             43,914 bytes
  cm_random_forest_optimal_tau.png                 44,317 bytes
  confusion_matrices_test.csv                         159 bytes
  confusion_matrices_test_optimal_tau.csv             187 bytes
  experiment_summary.json                           4,601 bytes
  feature_importance_cvd.png                      295,949 bytes
  hyperparameter_tuning.csv                         2,082 bytes
  learned_pp_coefficients.csv                       1,044 bytes
  model_comparison_test.csv                           585 bytes
  model_comparison_test_fair.csv                      605 bytes
  postprocessing_study_results.csv                    467 bytes
  postprocessing_study_results_learned.csv            628 bytes
  run.log                                          16,283 bytes
  threshold_sweep_validation.csv                      755 bytes
  threshold_sweep_validation_all_models.csv         3,497 bytes
